#-----------------------------------------------------------
# Vivado v2019.2 (64-bit)
# SW Build 2708876 on Wed Nov  6 21:40:23 MST 2019
# IP Build 2700528 on Thu Nov  7 00:09:20 MST 2019
# Start of session at: Sat Mar  6 22:07:10 2021
# Process ID: 10428
# Current directory: C:/Users/Richie Lee/Desktop/College/1 San Jose State University/8 2021 Spring Semester/CMPE140/1LAB hello/lab8/lab8_week4/lab8_week4
# Command line: vivado.exe -gui_launcher_event rodinguilauncherevent5748 C:\Users\Richie Lee\Desktop\College\1 San Jose State University\8 2021 Spring Semester\CMPE140\1LAB hello\lab8\lab8_week4\lab8_week4\lab8_week4.xpr
# Log file: C:/Users/Richie Lee/Desktop/College/1 San Jose State University/8 2021 Spring Semester/CMPE140/1LAB hello/lab8/lab8_week4/lab8_week4/vivado.log
# Journal file: C:/Users/Richie Lee/Desktop/College/1 San Jose State University/8 2021 Spring Semester/CMPE140/1LAB hello/lab8/lab8_week4/lab8_week4\vivado.jou
#-----------------------------------------------------------
start_gui
open_project {C:/Users/Richie Lee/Desktop/College/1 San Jose State University/8 2021 Spring Semester/CMPE140/1LAB hello/lab8/lab8_week4/lab8_week4/lab8_week4.xpr}
update_compile_order -fileset sources_1
